// Jest Snapshot v1, https://goo.gl/fbAQLP

exports[`Should test the not found page matches not found page snapshot 1`] = `
<div>
  <h1>
    404! Page Not Found!
  </h1>
  <h3>
    Return to 
    <Link
      replace={false}
      to="/"
    >
      Dashboard
    </Link>
  </h3>
</div>
`;
